------------------------------------------------------------
TimeQuest Timing Analyzer Summary
------------------------------------------------------------

Type  : Slow 1200mV 85C Model Setup 'clk'
Slack : -2.160
TNS   : -102.427

Type  : Slow 1200mV 85C Model Hold 'clk'
Slack : 0.301
TNS   : 0.000

Type  : Slow 1200mV 85C Model Recovery 'clk'
Slack : -1.445
TNS   : -68.340

Type  : Slow 1200mV 85C Model Removal 'clk'
Slack : 1.612
TNS   : 0.000

Type  : Slow 1200mV 85C Model Minimum Pulse Width 'clk'
Slack : -3.000
TNS   : -62.000

Type  : Slow 1200mV 0C Model Setup 'clk'
Slack : -1.867
TNS   : -87.384

Type  : Slow 1200mV 0C Model Hold 'clk'
Slack : 0.284
TNS   : 0.000

Type  : Slow 1200mV 0C Model Recovery 'clk'
Slack : -1.249
TNS   : -58.871

Type  : Slow 1200mV 0C Model Removal 'clk'
Slack : 1.534
TNS   : 0.000

Type  : Slow 1200mV 0C Model Minimum Pulse Width 'clk'
Slack : -3.000
TNS   : -62.000

Type  : Fast 1200mV 0C Model Setup 'clk'
Slack : -0.704
TNS   : -31.424

Type  : Fast 1200mV 0C Model Hold 'clk'
Slack : 0.149
TNS   : 0.000

Type  : Fast 1200mV 0C Model Recovery 'clk'
Slack : -1.043
TNS   : -51.383

Type  : Fast 1200mV 0C Model Removal 'clk'
Slack : 1.515
TNS   : 0.000

Type  : Fast 1200mV 0C Model Minimum Pulse Width 'clk'
Slack : -3.000
TNS   : -79.289

------------------------------------------------------------
